Microchip MPLAB XC8 Compiler V1.33 ()

Linker command line:

--edf=C:\Program Files\Microchip\xc8\v1.33\dat\en_msgs.txt -cs \
  -h+dist/default/debug\MPLABX.X.debug.sym \
  --cmf=dist/default/debug\MPLABX.X.debug.cmf -z -Q18F4520 \
  -oC:\DOCUME~1\D300-01\LOCALS~1\Temp\s3ds.6 \
  -Mdist/default/debug/MPLABX.X.debug.map -E1 -ver=XC8 -ASTACK=080h-05eeh \
  -pstack=STACK -ACODE=00h-07CFFh -ACONST=00h-07CFFh \
  -ASMALLCONST=0600h-06FFhx119 -AMEDIUMCONST=0600h-07CFFh -ACOMRAM=01h-07Fh \
  -AABS1=00h-05EEh -ABIGRAM=01h-05EEh \
  -ARAM=080h-0FFh,0100h-01FFhx4,0500h-05EEh -ABANK0=080h-0FFh \
  -ABANK1=0100h-01FFh -ABANK2=0200h-02FFh -ABANK3=0300h-03FFh \
  -ABANK4=0400h-04FFh -ABANK5=0500h-05EEh \
  -ASFR=0F80h-0F9Bh,0F9Dh-0FD3h,0FD5h-0FDAh,0FE0h-0FE2h,0FE8h-0FEAh,0FF0h-0FFBh \
  -preset_vec=00h,intcode,intcodelo,powerup,init,end_init -pramtop=0600h \
  -psmallconst=SMALLCONST -pmediumconst=MEDIUMCONST -pconst=CONST \
  -AFARRAM=00h-00h -ACONFIG=0300000h-030000Dh -pconfig=CONFIG \
  -AIDLOC=0200000h-0200007h -pidloc=IDLOC -AEEDATA=0F00000h-0F000FFh \
  -peeprom_data=EEDATA \
  -prdata=COMRAM,nvrram=COMRAM,nvbit=COMRAM,rbss=COMRAM,rbit=COMRAM \
  -pfarbss=FARRAM,fardata=FARRAM,nvFARRAM=FARRAM \
  -pintsave_regs=BIGRAM,bigbss=BIGRAM,bigdata=BIGRAM -pbss=RAM \
  -pidata=CODE,irdata=CODE,ibigdata=CODE,ifardata=CODE \
  C:\DOCUME~1\D300-01\LOCALS~1\Temp\s3ds.obj \
  dist/default/debug\MPLABX.X.debug.obj 

Object code version is 3.11

Machine type is 18F4520

Call graph: (short form)




                Name                               Link     Load   Length Selector   Space Scale
C:\DOCUME~1\D300-01\LOCALS~1\Temp\s3ds.obj
                end_init                              2        2        4        0       0
                reset_vec                             0        0        2        0       0
                idloc                            200000   200000        8   200000       0
                config                           300000   300000        E   300000       0
dist/default/debug\MPLABX.X.debug.obj
                text21                             794E     794E       68     3CA7       0
                text20                             76DA     76DA        E     3B6D       0
                text19                             77B2     77B2       20     3BD9       0
                text18                             772C     772C       18     3B96       0
                text17                             76E8     76E8        E     3B74       0
                text16                             7776     7776       1E     3BBB       0
                text15                             76BE     76BE        4     3B5F       0
                text14                             76C2     76C2        4     3B61       0
                text13                             76CE     76CE        C     3B67       0
                text12                             77D2     77D2       2C     3BE9       0
                text11                             76C6     76C6        4     3B63       0
                text10                             76CA     76CA        4     3B65       0
                text9                              7B2C     7B2C      1D4     3D96       0
                text8                              7832     7832       5A     3C19       0
                text7                              7718     7718       14     3B8C       0
                text6                              7744     7744       18     3BA2       0
                text5                              775C     775C       1A     3BAE       0
                text4                              79B6     79B6      176     3CDB       0
                text3                              7794     7794       1E     3BCA       0
                text2                              7706     7706       12     3B83       0
                text1                              788C     788C       60     3C46       0
                text0                              78EC     78EC       62     3C76       0
                cstackCOMRAM                          1        1       26        1       1
                dataCOMRAM                           27       27       10        1       1
                bssCOMRAM                            37       37        5        1       1
                cinit                              77FE     77FE       34     3BFF       0
                idataCOMRAM                        76F6     76F6       10     76F6       0

TOTAL           Name                               Link     Load   Length     Space
        CLASS   STACK          

        CLASS   CODE           
                end_init                              2        2        4         0
                reset_vec                             0        0        2         0
                text21                             794E     794E       68         0
                text20                             76DA     76DA        E         0
                text19                             77B2     77B2       20         0
                text18                             772C     772C       18         0
                text17                             76E8     76E8        E         0
                text16                             7776     7776       1E         0
                text15                             76BE     76BE        4         0
                text14                             76C2     76C2        4         0
                text13                             76CE     76CE        C         0
                text12                             77D2     77D2       2C         0
                text11                             76C6     76C6        4         0
                text10                             76CA     76CA        4         0
                text9                              7B2C     7B2C      1D4         0
                text8                              7832     7832       5A         0
                text7                              7718     7718       14         0
                text6                              7744     7744       18         0
                text5                              775C     775C       1A         0
                text4                              79B6     79B6      176         0
                text3                              7794     7794       1E         0
                text2                              7706     7706       12         0
                text1                              788C     788C       60         0
                text0                              78EC     78EC       62         0
                cinit                              77FE     77FE       34         0
                idataCOMRAM                        76F6     76F6       10         0

        CLASS   CONST          

        CLASS   SMALLCONST     

        CLASS   MEDIUMCONST    

        CLASS   COMRAM         
                cstackCOMRAM                          1        1       26         1
                dataCOMRAM                           27       27       10         1
                bssCOMRAM                            37       37        5         1

        CLASS   ABS1           

        CLASS   BIGRAM         

        CLASS   RAM            

        CLASS   BANK0          

        CLASS   BANK1          

        CLASS   BANK2          

        CLASS   BANK3          

        CLASS   BANK4          

        CLASS   BANK5          

        CLASS   SFR            

        CLASS   FARRAM         

        CLASS   CONFIG         
                config                           300000   300000        E         0

        CLASS   IDLOC          
                idloc                            200000   200000        8         0

        CLASS   EEDATA         



SEGMENTS        Name                           Load    Length   Top    Selector   Space  Class

                reset_vec                      000000  000006  000006         0       0  CODE    
                cstackCOMRAM                   000001  00003B  00003C         1       1  COMRAM  
                text15                         0076BE  000004  0076C2      3B5F       0  CODE    
                text14                         0076C2  000004  0076C6      3B61       0  CODE    
                text11                         0076C6  000004  0076CA      3B63       0  CODE    
                text10                         0076CA  000004  0076CE      3B65       0  CODE    
                text13                         0076CE  00000C  0076DA      3B67       0  CODE    
                text20                         0076DA  00000E  0076E8      3B6D       0  CODE    
                text17                         0076E8  00000E  0076F6      3B74       0  CODE    
                idataCOMRAM                    0076F6  000010  007706      76F6       0  CODE    
                text2                          007706  000012  007718      3B83       0  CODE    
                text7                          007718  000014  00772C      3B8C       0  CODE    
                text18                         00772C  000018  007744      3B96       0  CODE    
                text6                          007744  000018  00775C      3BA2       0  CODE    
                text5                          00775C  00001A  007776      3BAE       0  CODE    
                text16                         007776  00001E  007794      3BBB       0  CODE    
                text3                          007794  00001E  0077B2      3BCA       0  CODE    
                text19                         0077B2  000020  0077D2      3BD9       0  CODE    
                text12                         0077D2  00002C  0077FE      3BE9       0  CODE    
                cinit                          0077FE  000034  007832      3BFF       0  CODE    
                text8                          007832  00005A  00788C      3C19       0  CODE    
                text1                          00788C  000060  0078EC      3C46       0  CODE    
                text0                          0078EC  000062  00794E      3C76       0  CODE    
                text21                         00794E  000068  0079B6      3CA7       0  CODE    
                text4                          0079B6  000176  007B2C      3CDB       0  CODE    
                text9                          007B2C  0001D4  007D00      3D96       0  CODE    
                idloc                          200000  000008  200008    200000       0  IDLOC   
                config                         300000  00000E  30000E    300000       0  CONFIG  


UNUSED ADDRESS RANGES

        Name                Unused          Largest block    Delta
        BANK0            000080-0000FF               80
        BANK1            000100-0001FF              100
        BANK2            000200-0002FF              100
        BANK3            000300-0003FF              100
        BANK4            000400-0004FF              100
        BANK5            000500-0005EE               EF
        BIGRAM           00003C-0005EE              5B3
        CODE             000006-0076BD             76B8
        COMRAM           00003C-00007F               44
        CONST            000006-0076BD             76B8
        EEDATA           F00000-F000FF              100
        MEDIUMCONST      000600-0076BD             70BE
        RAM              000080-0005EE              100
        SFR              000F80-000F9B               1C
                         000F9D-000FD3               37
                         000FD5-000FDA                6
                         000FE0-000FE2                3
                         000FE8-000FEA                3
                         000FF0-000FFB                C
        SMALLCONST       000600-0076BD              100
        STACK            000080-0005EE              56F

                                  Symbol Table

?_getClock                      cstackCOMRAM 000001
OpenSPI@bus_mode                cstackCOMRAM 000001
OpenSPI@smp_phase               cstackCOMRAM 000002
OpenSPI@sync_mode               cstackCOMRAM 000003
OpenTimer0@config               cstackCOMRAM 000001
OpenUSART@config                cstackCOMRAM 000006
OpenUSART@spbrg                 cstackCOMRAM 000001
ReadUSART@data                  cstackCOMRAM 000001
WriteSPI@TempVar                cstackCOMRAM 000001
WriteSPI@data_out               cstackCOMRAM 000002
WriteUSART@data                 cstackCOMRAM 000001
_INTCONbits                     (abs)        000FF2
_OSCCONbits                     (abs)        000FD3
_OpenSPI                        text8        007832
_OpenTimer0                     text19       0077B2
_OpenUSART                      text21       00794E
_PIE1                           (abs)        000F9D
_PIE1bits                       (abs)        000F9D
_PIR1bits                       (abs)        000F9E
_PORTCbits                      (abs)        000F82
_PORTDbits                      (abs)        000F83
_RCREG                          (abs)        000FAE
_RCSTA                          (abs)        000FAB
_RCSTAbits                      (abs)        000FAB
_ReadUSART                      text3        007794
_SPBRG                          (abs)        000FAF
_SPBRGH                         (abs)        000FB0
_SSPBUF                         (abs)        000FC9
_SSPCON1                        (abs)        000FC6
_SSPCON1bits                    (abs)        000FC6
_SSPSTAT                        (abs)        000FC7
_SSPSTATbits                    (abs)        000FC7
_T0CON                          (abs)        000FD5
_T0CONbits                      (abs)        000FD5
_TMR0H                          (abs)        000FD7
_TMR0L                          (abs)        000FD6
_TRISAbits                      (abs)        000F92
_TRISCbits                      (abs)        000F94
_TRISDbits                      (abs)        000F95
_TXREG                          (abs)        000FAD
_TXSTA                          (abs)        000FAC
_TXSTAbits                      (abs)        000FAC
_USART_Status                   bssCOMRAM    00003B
_WriteSPI                       text6        007744
_WriteUSART                     text2        007706
__CFG_DEBUG$ON                  (abs)        000000
__CFG_LVP$OFF                   (abs)        000000
__CFG_OSC$INTIO67               (abs)        000000
__CFG_PWRT$ON                   (abs)        000000
__CFG_WDT$OFF                   (abs)        000000
__HRAM                          (abs)        000000
__Habs1                         abs1         000000
__Hbank0                        bank0        000000
__Hbank1                        bank1        000000
__Hbank2                        bank2        000000
__Hbank3                        bank3        000000
__Hbank4                        bank4        000000
__Hbank5                        bank5        000000
__Hbigbss                       bigbss       000000
__Hbigdata                      bigdata      000000
__Hbigram                       bigram       000000
__Hbss                          bss          000000
__HbssCOMRAM                    bssCOMRAM    000000
__Hcinit                        cinit        000000
__Hclrtext                      clrtext      000000
__Hcomram                       comram       000000
__Hconfig                       config       30000E
__Hconst                        const        000000
__HcstackCOMRAM                 cstackCOMRAM 000000
__Hdata                         data         000000
__HdataCOMRAM                   dataCOMRAM   000000
__Heeprom_data                  eeprom_data  000000
__Hend_init                     end_init     000006
__Hfarbss                       farbss       000000
__Hfardata                      fardata      000000
__Hibigdata                     ibigdata     000000
__Hidata                        idata        000000
__HidataCOMRAM                  idataCOMRAM  000000
__Hidloc                        idloc        200008
__Hifardata                     ifardata     000000
__Hinit                         init         000002
__Hintcode                      intcode      000002
__Hintcode_body                 intcode_body 000000
__Hintcodelo                    intcodelo    000002
__Hintentry                     intentry     000000
__Hintret                       intret       000000
__Hintsave_regs                 intsave_regs 000000
__Hirdata                       irdata       000000
__Hmediumconst                  mediumconst  000000
__HnvFARRAM                     nvFARRAM     000000
__Hnvbit                        nvbit        000000
__Hnvrram                       nvrram       000000
__Hparam                        rparam       000000
__Hpowerup                      powerup      000002
__Hram                          ram          000000
__Hramtop                       ramtop       000600
__Hrbit                         rbit         000000
__Hrbss                         rbss         000000
__Hrdata                        rdata        000000
__Hreset_vec                    reset_vec    000002
__Hrparam                       rparam       000000
__Hsfr                          sfr          000000
__Hsmallconst                   smallconst   000000
__Hspace_0                      (abs)        30000E
__Hspace_1                      (abs)        00003C
__Hspace_2                      (abs)        000000
__Hstack                        stack        000000
__Hstruct                       struct       000000
__Htemp                         temp         000000
__Htext                         text         000000
__Htext0                        text0        000000
__Htext1                        text1        000000
__Htext10                       text10       000000
__Htext11                       text11       000000
__Htext12                       text12       000000
__Htext13                       text13       000000
__Htext14                       text14       000000
__Htext15                       text15       000000
__Htext16                       text16       000000
__Htext17                       text17       000000
__Htext18                       text18       000000
__Htext19                       text19       000000
__Htext2                        text2        000000
__Htext20                       text20       000000
__Htext21                       text21       000000
__Htext3                        text3        000000
__Htext4                        text4        000000
__Htext5                        text5        000000
__Htext6                        text6        000000
__Htext7                        text7        000000
__Htext8                        text8        000000
__Htext9                        text9        000000
__LRAM                          (abs)        000001
__Labs1                         abs1         000000
__Lbank0                        bank0        000000
__Lbank1                        bank1        000000
__Lbank2                        bank2        000000
__Lbank3                        bank3        000000
__Lbank4                        bank4        000000
__Lbank5                        bank5        000000
__Lbigbss                       bigbss       000000
__Lbigdata                      bigdata      000000
__Lbigram                       bigram       000000
__Lbss                          bss          000000
__LbssCOMRAM                    bssCOMRAM    000000
__Lcinit                        cinit        000000
__Lclrtext                      clrtext      000000
__Lcomram                       comram       000000
__Lconfig                       config       300000
__Lconst                        const        000000
__LcstackCOMRAM                 cstackCOMRAM 000000
__Ldata                         data         000000
__LdataCOMRAM                   dataCOMRAM   000000
__Leeprom_data                  eeprom_data  000000
__Lend_init                     end_init     000002
__Lfarbss                       farbss       000000
__Lfardata                      fardata      000000
__Libigdata                     ibigdata     000000
__Lidata                        idata        000000
__LidataCOMRAM                  idataCOMRAM  000000
__Lidloc                        idloc        200000
__Lifardata                     ifardata     000000
__Linit                         init         000002
__Lintcode                      intcode      000002
__Lintcode_body                 intcode_body 000000
__Lintcodelo                    intcodelo    000002
__Lintentry                     intentry     000000
__Lintret                       intret       000000
__Lintsave_regs                 intsave_regs 000000
__Lirdata                       irdata       000000
__Lmediumconst                  mediumconst  000000
__LnvFARRAM                     nvFARRAM     000000
__Lnvbit                        nvbit        000000
__Lnvrram                       nvrram       000000
__Lparam                        rparam       000000
__Lpowerup                      powerup      000002
__Lram                          ram          000000
__Lramtop                       ramtop       000600
__Lrbit                         rbit         000000
__Lrbss                         rbss         000000
__Lrdata                        rdata        000000
__Lreset_vec                    reset_vec    000000
__Lrparam                       rparam       000000
__Lsfr                          sfr          000000
__Lsmallconst                   smallconst   000000
__Lspace_0                      (abs)        000000
__Lspace_1                      (abs)        000000
__Lspace_2                      (abs)        000000
__Lstack                        stack        000000
__Lstruct                       struct       000000
__Ltemp                         temp         000000
__Ltext                         text         000000
__Ltext0                        text0        000000
__Ltext1                        text1        000000
__Ltext10                       text10       000000
__Ltext11                       text11       000000
__Ltext12                       text12       000000
__Ltext13                       text13       000000
__Ltext14                       text14       000000
__Ltext15                       text15       000000
__Ltext16                       text16       000000
__Ltext17                       text17       000000
__Ltext18                       text18       000000
__Ltext19                       text19       000000
__Ltext2                        text2        000000
__Ltext20                       text20       000000
__Ltext21                       text21       000000
__Ltext3                        text3        000000
__Ltext4                        text4        000000
__Ltext5                        text5        000000
__Ltext6                        text6        000000
__Ltext7                        text7        000000
__Ltext8                        text8        000000
__Ltext9                        text9        000000
__S0                            (abs)        30000E
__S1                            (abs)        00003C
__S2                            (abs)        000000
___inthi_sp                     stack        000000
___intlo_sp                     stack        000000
___sp                           stack        000000
__accesstop                     (abs)        000080
__activetblptr                  (abs)        000002
__end_of_OpenSPI                text8        00788C
__end_of_OpenTimer0             text19       0077D2
__end_of_OpenUSART              text21       0079B6
__end_of_ReadUSART              text3        0077B2
__end_of_WriteSPI               text6        00775C
__end_of_WriteUSART             text2        007718
__end_of__initialization        cinit        007828
__end_of_clearTimer0Overflowed  text14       0076C6
__end_of_configureLED           text15       0076C2
__end_of_getClock               text12       0077FE
__end_of_hasTimer0Overflowed    text13       0076DA
__end_of_init7Segment           text20       0076E8
__end_of_init7SegmentHardware   text7        00772C
__end_of_initClock              text18       007744
__end_of_initLed                text17       0076F6
__end_of_initUsartLoopback      text16       007794
__end_of_ledSM                  text9        007D00
__end_of_main                   text0        00794E
__end_of_offLED                 text11       0076CA
__end_of_onLED                  text10       0076CE
__end_of_sevenSegmentSM         text4        007B2C
__end_of_usartLoopbackSM        text1        0078EC
__end_of_write7Segment          text5        007776
__initialization                cinit        0077FE
__mediumconst                   mediumconst  000000
__pbssCOMRAM                    bssCOMRAM    000037
__pcinit                        cinit        0077FE
__pcstackCOMRAM                 cstackCOMRAM 000001
__pdataCOMRAM                   dataCOMRAM   000027
__pidataCOMRAM                  idataCOMRAM  0076F6
__ptext0                        text0        0078EC
__ptext1                        text1        00788C
__ptext10                       text10       0076CA
__ptext11                       text11       0076C6
__ptext12                       text12       0077D2
__ptext13                       text13       0076CE
__ptext14                       text14       0076C2
__ptext15                       text15       0076BE
__ptext16                       text16       007776
__ptext17                       text17       0076E8
__ptext18                       text18       00772C
__ptext19                       text19       0077B2
__ptext2                        text2        007706
__ptext20                       text20       0076DA
__ptext21                       text21       00794E
__ptext3                        text3        007794
__ptext4                        text4        0079B6
__ptext5                        text5        00775C
__ptext6                        text6        007744
__ptext7                        text7        007718
__ptext8                        text8        007832
__ptext9                        text9        007B2C
__ramtop                        ramtop       000600
__size_of_OpenSPI               (abs)        000000
__size_of_OpenTimer0            (abs)        000000
__size_of_OpenUSART             (abs)        000000
__size_of_ReadUSART             (abs)        000000
__size_of_WriteSPI              (abs)        000000
__size_of_WriteUSART            (abs)        000000
__size_of_clearTimer0Overflowed (abs)        000000
__size_of_configureLED          (abs)        000000
__size_of_getClock              (abs)        000000
__size_of_hasTimer0Overflowed   (abs)        000000
__size_of_init7Segment          (abs)        000000
__size_of_init7SegmentHardware  (abs)        000000
__size_of_initClock             (abs)        000000
__size_of_initLed               (abs)        000000
__size_of_initUsartLoopback     (abs)        000000
__size_of_ledSM                 (abs)        000000
__size_of_main                  (abs)        000000
__size_of_offLED                (abs)        000000
__size_of_onLED                 (abs)        000000
__size_of_sevenSegmentSM        (abs)        000000
__size_of_usartLoopbackSM       (abs)        000000
__size_of_write7Segment         (abs)        000000
__smallconst                    smallconst   000000
_clearTimer0Overflowed          text14       0076C2
_clock                          bssCOMRAM    000037
_configureLED                   text15       0076BE
_getClock                       text12       0077D2
_hasTimer0Overflowed            text13       0076CE
_init7Segment                   text20       0076DA
_init7SegmentHardware           text7        007718
_initClock                      text18       00772C
_initLed                        text17       0076E8
_initUsartLoopback              text16       007776
_ledSM                          text9        007B2C
_main                           text0        0078EC
_offLED                         text11       0076C6
_onLED                          text10       0076CA
_sevenSegPattern                dataCOMRAM   000027
_sevenSegmentSM                 text4        0079B6
_usartLoopbackSM                text1        00788C
_write7Segment                  text5        00775C
end_of_initialization           cinit        007828
init7Segment@data               cstackCOMRAM 000001
initLed@ledData                 cstackCOMRAM 000001
initUsartLoopback@loopbackData  cstackCOMRAM 000001
intlevel0                       text         000000
intlevel1                       text         000000
intlevel2                       text         000000
intlevel3                       text         000000
ledSM@ledData                   cstackCOMRAM 000005
ledSM@now                       cstackCOMRAM 000013
main@ledData                    cstackCOMRAM 000022
main@loopbackData               cstackCOMRAM 00001A
main@sevenSegData               cstackCOMRAM 00001C
sevenSegmentSM@data             cstackCOMRAM 000005
stackhi                         (abs)        0005EE
stacklo                         (abs)        000080
start                           init         000002
start_initialization            cinit        0077FE
usartLoopbackSM@loopbackData    cstackCOMRAM 000002
write7Segment@data              cstackCOMRAM 000003


FUNCTION INFORMATION:

 *************** function _main *****************
 Defined at:
		line 37 in file "../src/PIC18/Main.c"
 Parameters:    Size  Location     Type
  argc            2   20[COMRAM] int 
  argv            3   22[COMRAM] PTR PTR unsigned char 
 Auto vars:     Size  Location     Type
  sevenSegData    6   27[COMRAM] struct SevenSegmentData
  ledData         5   33[COMRAM] struct LEDData
  loopbackData    2   25[COMRAM] struct LoopbackData
 Return value:  Size  Location     Type
                  2   20[COMRAM] int 
 Registers used:
		wreg, fsr2l, fsr2h, status,2, status,0, prodl, prodh, cstack
 Tracked objects:
		On entry : 
		On exit  : 
		Unchanged: 
 Data sizes:     COMRAM   BANK0   BANK1   BANK2   BANK3   BANK4   BANK5
      Params:         5       0       0       0       0       0       0
      Locals:        13       0       0       0       0       0       0
      Temps:          0       0       0       0       0       0       0
      Totals:        18       0       0       0       0       0       0
Total ram usage:       18 bytes
 Hardware stack levels required when called:    3
 This function calls:
		_OpenUSART
		_init7Segment
		_initClock
		_initLed
		_initUsartLoopback
		_ledSM
		_sevenSegmentSM
		_usartLoopbackSM
 This function is called by:
		Startup code after reset
 This function uses a non-reentrant model


 *************** function _usartLoopbackSM *****************
 Defined at:
		line 13 in file "../src/PIC18/UsartLoopback.c"
 Parameters:    Size  Location     Type
  loopbackData    2    1[COMRAM] PTR struct LoopbackData
		 -> main@loopbackData(2), 
 Auto vars:     Size  Location     Type
		None
 Return value:  Size  Location     Type
		None               void
 Registers used:
		wreg, fsr2l, fsr2h, status,2, status,0, cstack
 Tracked objects:
		On entry : 
		On exit  : 
		Unchanged: 
 Data sizes:     COMRAM   BANK0   BANK1   BANK2   BANK3   BANK4   BANK5
      Params:         2       0       0       0       0       0       0
      Locals:         0       0       0       0       0       0       0
      Temps:          0       0       0       0       0       0       0
      Totals:         2       0       0       0       0       0       0
Total ram usage:        2 bytes
 Hardware stack levels used:    1
 Hardware stack levels required when called:    1
 This function calls:
		_ReadUSART
		_WriteUSART
 This function is called by:
		_main
 This function uses a non-reentrant model


 *************** function _WriteUSART *****************
 Defined at:
		line 13 in file "C:\Program Files\Microchip\xc8\v1.33\sources\pic18\plib\USART\uwrite.c"
 Parameters:    Size  Location     Type
  data            1    wreg     unsigned char 
 Auto vars:     Size  Location     Type
  data            1    0[COMRAM] unsigned char 
 Return value:  Size  Location     Type
		None               void
 Registers used:
		wreg
 Tracked objects:
		On entry : 
		On exit  : 
		Unchanged: 
 Data sizes:     COMRAM   BANK0   BANK1   BANK2   BANK3   BANK4   BANK5
      Params:         0       0       0       0       0       0       0
      Locals:         1       0       0       0       0       0       0
      Temps:          0       0       0       0       0       0       0
      Totals:         1       0       0       0       0       0       0
Total ram usage:        1 bytes
 Hardware stack levels used:    1
 This function calls:
		Nothing
 This function is called by:
		_usartLoopbackSM
		_usartLoopback
 This function uses a non-reentrant model


 *************** function _ReadUSART *****************
 Defined at:
		line 15 in file "C:\Program Files\Microchip\xc8\v1.33\sources\pic18\plib\USART\uread.c"
 Parameters:    Size  Location     Type
		None
 Auto vars:     Size  Location     Type
  data            1    0[COMRAM] unsigned char 
 Return value:  Size  Location     Type
                  1    wreg      unsigned char 
 Registers used:
		wreg, status,2, status,0
 Tracked objects:
		On entry : 
		On exit  : 
		Unchanged: 
 Data sizes:     COMRAM   BANK0   BANK1   BANK2   BANK3   BANK4   BANK5
      Params:         0       0       0       0       0       0       0
      Locals:         1       0       0       0       0       0       0
      Temps:          0       0       0       0       0       0       0
      Totals:         1       0       0       0       0       0       0
Total ram usage:        1 bytes
 Hardware stack levels used:    1
 This function calls:
		Nothing
 This function is called by:
		_usartLoopbackSM
		_usartLoopback
 This function uses a non-reentrant model


 *************** function _sevenSegmentSM *****************
 Defined at:
		line 40 in file "../src/PIC18/SevenSeg.c"
 Parameters:    Size  Location     Type
  data            2    4[COMRAM] PTR struct SevenSegmentD
		 -> main@sevenSegData(6), 
 Auto vars:     Size  Location     Type
		None
 Return value:  Size  Location     Type
		None               void
 Registers used:
		wreg, fsr2l, fsr2h, status,2, status,0, prodl, prodh, cstack
 Tracked objects:
		On entry : 
		On exit  : 
		Unchanged: 
 Data sizes:     COMRAM   BANK0   BANK1   BANK2   BANK3   BANK4   BANK5
      Params:         2       0       0       0       0       0       0
      Locals:         0       0       0       0       0       0       0
      Temps:         12       0       0       0       0       0       0
      Totals:        14       0       0       0       0       0       0
Total ram usage:       14 bytes
 Hardware stack levels used:    1
 Hardware stack levels required when called:    2
 This function calls:
		_getClock
		_init7SegmentHardware
		_write7Segment
 This function is called by:
		_main
 This function uses a non-reentrant model


 *************** function _write7Segment *****************
 Defined at:
		line 68 in file "../src/PIC18/SevenSeg.c"
 Parameters:    Size  Location     Type
  data            1    wreg     unsigned char 
 Auto vars:     Size  Location     Type
  data            1    2[COMRAM] unsigned char 
 Return value:  Size  Location     Type
		None               void
 Registers used:
		wreg, fsr2l, fsr2h, status,2, status,0, prodl, prodh, cstack
 Tracked objects:
		On entry : 
		On exit  : 
		Unchanged: 
 Data sizes:     COMRAM   BANK0   BANK1   BANK2   BANK3   BANK4   BANK5
      Params:         0       0       0       0       0       0       0
      Locals:         1       0       0       0       0       0       0
      Temps:          0       0       0       0       0       0       0
      Totals:         1       0       0       0       0       0       0
Total ram usage:        1 bytes
 Hardware stack levels used:    1
 Hardware stack levels required when called:    1
 This function calls:
		_WriteSPI
 This function is called by:
		_sevenSegmentSM
 This function uses a non-reentrant model


 *************** function _WriteSPI *****************
 Defined at:
		line 13 in file "C:\Program Files\Microchip\xc8\v1.33\sources\pic18\plib\SPI\spi_writ.c"
 Parameters:    Size  Location     Type
  data_out        1    wreg     unsigned char 
 Auto vars:     Size  Location     Type
  data_out        1    1[COMRAM] unsigned char 
  TempVar         1    0[COMRAM] unsigned char 
 Return value:  Size  Location     Type
                  1    wreg      char 
 Registers used:
		wreg
 Tracked objects:
		On entry : 
		On exit  : 
		Unchanged: 
 Data sizes:     COMRAM   BANK0   BANK1   BANK2   BANK3   BANK4   BANK5
      Params:         0       0       0       0       0       0       0
      Locals:         2       0       0       0       0       0       0
      Temps:          0       0       0       0       0       0       0
      Totals:         2       0       0       0       0       0       0
Total ram usage:        2 bytes
 Hardware stack levels used:    1
 This function calls:
		Nothing
 This function is called by:
		_write7Segment
 This function uses a non-reentrant model


 *************** function _init7SegmentHardware *****************
 Defined at:
		line 34 in file "../src/PIC18/SevenSeg.c"
 Parameters:    Size  Location     Type
		None
 Auto vars:     Size  Location     Type
		None
 Return value:  Size  Location     Type
		None               void
 Registers used:
		wreg, status,2, status,0, cstack
 Tracked objects:
		On entry : 
		On exit  : 
		Unchanged: 
 Data sizes:     COMRAM   BANK0   BANK1   BANK2   BANK3   BANK4   BANK5
      Params:         0       0       0       0       0       0       0
      Locals:         0       0       0       0       0       0       0
      Temps:          0       0       0       0       0       0       0
      Totals:         0       0       0       0       0       0       0
Total ram usage:        0 bytes
 Hardware stack levels used:    1
 Hardware stack levels required when called:    1
 This function calls:
		_OpenSPI
 This function is called by:
		_sevenSegmentSM
 This function uses a non-reentrant model


 *************** function _OpenSPI *****************
 Defined at:
		line 14 in file "C:\Program Files\Microchip\xc8\v1.33\sources\pic18\plib\SPI\spi_open.c"
 Parameters:    Size  Location     Type
  sync_mode       1    wreg     unsigned char 
  bus_mode        1    0[COMRAM] unsigned char 
  smp_phase       1    1[COMRAM] unsigned char 
 Auto vars:     Size  Location     Type
  sync_mode       1    2[COMRAM] unsigned char 
 Return value:  Size  Location     Type
		None               void
 Registers used:
		wreg, status,2, status,0
 Tracked objects:
		On entry : 
		On exit  : 
		Unchanged: 
 Data sizes:     COMRAM   BANK0   BANK1   BANK2   BANK3   BANK4   BANK5
      Params:         2       0       0       0       0       0       0
      Locals:         1       0       0       0       0       0       0
      Temps:          0       0       0       0       0       0       0
      Totals:         3       0       0       0       0       0       0
Total ram usage:        3 bytes
 Hardware stack levels used:    1
 This function calls:
		Nothing
 This function is called by:
		_init7SegmentHardware
 This function uses a non-reentrant model


 *************** function _ledSM *****************
 Defined at:
		line 13 in file "../src/PIC18/LEDSM.c"
 Parameters:    Size  Location     Type
  ledData         2    4[COMRAM] PTR struct LEDData
		 -> main@ledData(5), 
 Auto vars:     Size  Location     Type
  now             2   18[COMRAM] int 
 Return value:  Size  Location     Type
		None               void
 Registers used:
		wreg, fsr2l, fsr2h, status,2, status,0, cstack
 Tracked objects:
		On entry : 
		On exit  : 
		Unchanged: 
 Data sizes:     COMRAM   BANK0   BANK1   BANK2   BANK3   BANK4   BANK5
      Params:         2       0       0       0       0       0       0
      Locals:         2       0       0       0       0       0       0
      Temps:         12       0       0       0       0       0       0
      Totals:        16       0       0       0       0       0       0
Total ram usage:       16 bytes
 Hardware stack levels used:    1
 Hardware stack levels required when called:    2
 This function calls:
		_configureLED
		_getClock
		_offLED
		_onLED
 This function is called by:
		_main
 This function uses a non-reentrant model


 *************** function _onLED *****************
 Defined at:
		line 26 in file "../src/PIC18/Blinky.c"
 Parameters:    Size  Location     Type
		None
 Auto vars:     Size  Location     Type
		None
 Return value:  Size  Location     Type
		None               void
 Registers used:
		None
 Tracked objects:
		On entry : 
		On exit  : 
		Unchanged: 
 Data sizes:     COMRAM   BANK0   BANK1   BANK2   BANK3   BANK4   BANK5
      Params:         0       0       0       0       0       0       0
      Locals:         0       0       0       0       0       0       0
      Temps:          0       0       0       0       0       0       0
      Totals:         0       0       0       0       0       0       0
Total ram usage:        0 bytes
 Hardware stack levels used:    1
 This function calls:
		Nothing
 This function is called by:
		_ledSM
 This function uses a non-reentrant model


 *************** function _offLED *****************
 Defined at:
		line 30 in file "../src/PIC18/Blinky.c"
 Parameters:    Size  Location     Type
		None
 Auto vars:     Size  Location     Type
		None
 Return value:  Size  Location     Type
		None               void
 Registers used:
		None
 Tracked objects:
		On entry : 
		On exit  : 
		Unchanged: 
 Data sizes:     COMRAM   BANK0   BANK1   BANK2   BANK3   BANK4   BANK5
      Params:         0       0       0       0       0       0       0
      Locals:         0       0       0       0       0       0       0
      Temps:          0       0       0       0       0       0       0
      Totals:         0       0       0       0       0       0       0
Total ram usage:        0 bytes
 Hardware stack levels used:    1
 This function calls:
		Nothing
 This function is called by:
		_ledSM
 This function uses a non-reentrant model


 *************** function _getClock *****************
 Defined at:
		line 23 in file "../src/PIC18/Clock.c"
 Parameters:    Size  Location     Type
		None
 Auto vars:     Size  Location     Type
		None
 Return value:  Size  Location     Type
                  4    0[COMRAM] unsigned long 
 Registers used:
		wreg, status,2, status,0, cstack
 Tracked objects:
		On entry : 
		On exit  : 
		Unchanged: 
 Data sizes:     COMRAM   BANK0   BANK1   BANK2   BANK3   BANK4   BANK5
      Params:         4       0       0       0       0       0       0
      Locals:         0       0       0       0       0       0       0
      Temps:          0       0       0       0       0       0       0
      Totals:         4       0       0       0       0       0       0
Total ram usage:        4 bytes
 Hardware stack levels used:    1
 Hardware stack levels required when called:    1
 This function calls:
		_clearTimer0Overflowed
		_hasTimer0Overflowed
 This function is called by:
		_ledSM
		_sevenSegmentSM
 This function uses a non-reentrant model


 *************** function _hasTimer0Overflowed *****************
 Defined at:
		line 34 in file "../src/PIC18/Clock.c"
 Parameters:    Size  Location     Type
		None
 Auto vars:     Size  Location     Type
		None
 Return value:  Size  Location     Type
                  1    wreg      unsigned char 
 Registers used:
		wreg
 Tracked objects:
		On entry : 
		On exit  : 
		Unchanged: 
 Data sizes:     COMRAM   BANK0   BANK1   BANK2   BANK3   BANK4   BANK5
      Params:         0       0       0       0       0       0       0
      Locals:         0       0       0       0       0       0       0
      Temps:          0       0       0       0       0       0       0
      Totals:         0       0       0       0       0       0       0
Total ram usage:        0 bytes
 Hardware stack levels used:    1
 This function calls:
		Nothing
 This function is called by:
		_getClock
 This function uses a non-reentrant model


 *************** function _clearTimer0Overflowed *****************
 Defined at:
		line 38 in file "../src/PIC18/Clock.c"
 Parameters:    Size  Location     Type
		None
 Auto vars:     Size  Location     Type
		None
 Return value:  Size  Location     Type
		None               void
 Registers used:
		None
 Tracked objects:
		On entry : 
		On exit  : 
		Unchanged: 
 Data sizes:     COMRAM   BANK0   BANK1   BANK2   BANK3   BANK4   BANK5
      Params:         0       0       0       0       0       0       0
      Locals:         0       0       0       0       0       0       0
      Temps:          0       0       0       0       0       0       0
      Totals:         0       0       0       0       0       0       0
Total ram usage:        0 bytes
 Hardware stack levels used:    1
 This function calls:
		Nothing
 This function is called by:
		_getClock
 This function uses a non-reentrant model


 *************** function _configureLED *****************
 Defined at:
		line 22 in file "../src/PIC18/Blinky.c"
 Parameters:    Size  Location     Type
		None
 Auto vars:     Size  Location     Type
		None
 Return value:  Size  Location     Type
		None               void
 Registers used:
		None
 Tracked objects:
		On entry : 
		On exit  : 
		Unchanged: 
 Data sizes:     COMRAM   BANK0   BANK1   BANK2   BANK3   BANK4   BANK5
      Params:         0       0       0       0       0       0       0
      Locals:         0       0       0       0       0       0       0
      Temps:          0       0       0       0       0       0       0
      Totals:         0       0       0       0       0       0       0
Total ram usage:        0 bytes
 Hardware stack levels used:    1
 This function calls:
		Nothing
 This function is called by:
		_ledSM
 This function uses a non-reentrant model


 *************** function _initUsartLoopback *****************
 Defined at:
		line 7 in file "../src/PIC18/UsartLoopback.c"
 Parameters:    Size  Location     Type
  loopbackData    2    0[COMRAM] PTR struct LoopbackData
		 -> main@loopbackData(2), 
 Auto vars:     Size  Location     Type
		None
 Return value:  Size  Location     Type
		None               void
 Registers used:
		wreg, fsr2l, fsr2h, status,2, status,0
 Tracked objects:
		On entry : 
		On exit  : 
		Unchanged: 
 Data sizes:     COMRAM   BANK0   BANK1   BANK2   BANK3   BANK4   BANK5
      Params:         2       0       0       0       0       0       0
      Locals:         0       0       0       0       0       0       0
      Temps:          0       0       0       0       0       0       0
      Totals:         2       0       0       0       0       0       0
Total ram usage:        2 bytes
 Hardware stack levels used:    1
 This function calls:
		Nothing
 This function is called by:
		_main
 This function uses a non-reentrant model


 *************** function _initLed *****************
 Defined at:
		line 9 in file "../src/PIC18/LEDSM.c"
 Parameters:    Size  Location     Type
  ledData         2    0[COMRAM] PTR struct LEDData
		 -> main@ledData(5), 
 Auto vars:     Size  Location     Type
		None
 Return value:  Size  Location     Type
		None               void
 Registers used:
		wreg, fsr2l, fsr2h
 Tracked objects:
		On entry : 
		On exit  : 
		Unchanged: 
 Data sizes:     COMRAM   BANK0   BANK1   BANK2   BANK3   BANK4   BANK5
      Params:         2       0       0       0       0       0       0
      Locals:         0       0       0       0       0       0       0
      Temps:          0       0       0       0       0       0       0
      Totals:         2       0       0       0       0       0       0
Total ram usage:        2 bytes
 Hardware stack levels used:    1
 This function calls:
		Nothing
 This function is called by:
		_main
 This function uses a non-reentrant model


 *************** function _initClock *****************
 Defined at:
		line 11 in file "../src/PIC18/Clock.c"
 Parameters:    Size  Location     Type
		None
 Auto vars:     Size  Location     Type
		None
 Return value:  Size  Location     Type
		None               void
 Registers used:
		wreg, status,2, status,0, cstack
 Tracked objects:
		On entry : 
		On exit  : 
		Unchanged: 
 Data sizes:     COMRAM   BANK0   BANK1   BANK2   BANK3   BANK4   BANK5
      Params:         0       0       0       0       0       0       0
      Locals:         0       0       0       0       0       0       0
      Temps:          0       0       0       0       0       0       0
      Totals:         0       0       0       0       0       0       0
Total ram usage:        0 bytes
 Hardware stack levels used:    1
 Hardware stack levels required when called:    1
 This function calls:
		_OpenTimer0
 This function is called by:
		_main
 This function uses a non-reentrant model


 *************** function _OpenTimer0 *****************
 Defined at:
		line 18 in file "C:\Program Files\Microchip\xc8\v1.33\sources\pic18\plib\Timers\t0open.c"
 Parameters:    Size  Location     Type
  config          1    wreg     unsigned char 
 Auto vars:     Size  Location     Type
  config          1    0[COMRAM] unsigned char 
 Return value:  Size  Location     Type
		None               void
 Registers used:
		wreg, status,2, status,0
 Tracked objects:
		On entry : 
		On exit  : 
		Unchanged: 
 Data sizes:     COMRAM   BANK0   BANK1   BANK2   BANK3   BANK4   BANK5
      Params:         0       0       0       0       0       0       0
      Locals:         1       0       0       0       0       0       0
      Temps:          0       0       0       0       0       0       0
      Totals:         1       0       0       0       0       0       0
Total ram usage:        1 bytes
 Hardware stack levels used:    1
 This function calls:
		Nothing
 This function is called by:
		_initClock
 This function uses a non-reentrant model


 *************** function _init7Segment *****************
 Defined at:
		line 30 in file "../src/PIC18/SevenSeg.c"
 Parameters:    Size  Location     Type
  data            2    0[COMRAM] PTR struct SevenSegmentD
		 -> main@sevenSegData(6), 
 Auto vars:     Size  Location     Type
		None
 Return value:  Size  Location     Type
		None               void
 Registers used:
		wreg, fsr2l, fsr2h
 Tracked objects:
		On entry : 
		On exit  : 
		Unchanged: 
 Data sizes:     COMRAM   BANK0   BANK1   BANK2   BANK3   BANK4   BANK5
      Params:         2       0       0       0       0       0       0
      Locals:         0       0       0       0       0       0       0
      Temps:          0       0       0       0       0       0       0
      Totals:         2       0       0       0       0       0       0
Total ram usage:        2 bytes
 Hardware stack levels used:    1
 This function calls:
		Nothing
 This function is called by:
		_main
 This function uses a non-reentrant model


 *************** function _OpenUSART *****************
 Defined at:
		line 73 in file "C:\Program Files\Microchip\xc8\v1.33\sources\pic18\plib\USART\uopen.c"
 Parameters:    Size  Location     Type
  config          1    wreg     unsigned char 
  spbrg           2    0[COMRAM] unsigned int 
 Auto vars:     Size  Location     Type
  config          1    5[COMRAM] unsigned char 
 Return value:  Size  Location     Type
		None               void
 Registers used:
		wreg, status,2
 Tracked objects:
		On entry : 
		On exit  : 
		Unchanged: 
 Data sizes:     COMRAM   BANK0   BANK1   BANK2   BANK3   BANK4   BANK5
      Params:         2       0       0       0       0       0       0
      Locals:         1       0       0       0       0       0       0
      Temps:          3       0       0       0       0       0       0
      Totals:         6       0       0       0       0       0       0
Total ram usage:        6 bytes
 Hardware stack levels used:    1
 This function calls:
		Nothing
 This function is called by:
		_main
 This function uses a non-reentrant model



MODULE INFORMATION

Module		Function		Class		Link	Load	Size
../src/PIC18/LEDSM.c
		_ledSM         		CODE           	7B2C	0000	468
		_initLed       		CODE           	76E8	0000	14

../src/PIC18/LEDSM.c estimated size: 482

../src/PIC18/Blinky.c
		_configureLED  		CODE           	76BE	0000	4
		_onLED         		CODE           	76CA	0000	4
		_offLED        		CODE           	76C6	0000	4

../src/PIC18/Blinky.c estimated size: 12

../src/PIC18/Main.c
		_main          		CODE           	78EC	0000	98

../src/PIC18/Main.c estimated size: 98

../src/PIC18/UsartLoopback.c
		_initUsartLoopb		CODE           	7776	0000	30
		_usartLoopbackS		CODE           	788C	0000	96

../src/PIC18/UsartLoopback.c estimated size: 126

../src/PIC18/SevenSeg.c
		_sevenSegmentSM		CODE           	79B6	0000	374
		_init7SegmentHa		CODE           	7718	0000	20
		_init7Segment  		CODE           	76DA	0000	14
		_write7Segment 		CODE           	775C	0000	26

../src/PIC18/SevenSeg.c estimated size: 434

C:\Program Files\Microchip\xc8\v1.33\sources\pic18\plib\USART\uopen.c
		_OpenUSART     		CODE           	794E	0000	104

C:\Program Files\Microchip\xc8\v1.33\sources\pic18\plib\USART\uopen.c estimated size: 104

shared
		__initializatio		CODE           	77FE	0000	42

shared estimated size: 42

C:\Program Files\Microchip\xc8\v1.33\sources\pic18\plib\USART\uwrite.c
		_WriteUSART    		CODE           	7706	0000	18

C:\Program Files\Microchip\xc8\v1.33\sources\pic18\plib\USART\uwrite.c estimated size: 18

C:\Program Files\Microchip\xc8\v1.33\sources\pic18\plib\Timers\t0open.c
		_OpenTimer0    		CODE           	77B2	0000	32

C:\Program Files\Microchip\xc8\v1.33\sources\pic18\plib\Timers\t0open.c estimated size: 32

C:\Program Files\Microchip\xc8\v1.33\sources\pic18\plib\SPI\spi_writ.c
		_WriteSPI      		CODE           	7744	0000	24

C:\Program Files\Microchip\xc8\v1.33\sources\pic18\plib\SPI\spi_writ.c estimated size: 24

C:\Program Files\Microchip\xc8\v1.33\sources\pic18\plib\USART\uread.c
		_ReadUSART     		CODE           	7794	0000	30

C:\Program Files\Microchip\xc8\v1.33\sources\pic18\plib\USART\uread.c estimated size: 30

../src/PIC18/Clock.c
		_initClock     		CODE           	772C	0000	24
		_hasTimer0Overf		CODE           	76CE	0000	12
		_clearTimer0Ove		CODE           	76C2	0000	4
		_getClock      		CODE           	77D2	0000	44

../src/PIC18/Clock.c estimated size: 84

C:\Program Files\Microchip\xc8\v1.33\sources\pic18\plib\SPI\spi_open.c
		_OpenSPI       		CODE           	7832	0000	90

C:\Program Files\Microchip\xc8\v1.33\sources\pic18\plib\SPI\spi_open.c estimated size: 90

