Microchip MPLAB XC8 Compiler V1.33 ()

Linker command line:

--edf=C:\Program Files\Microchip\xc8\v1.33\dat\en_msgs.txt -cs \
  -h+dist/default/production\MPLABX.X.production.sym \
  --cmf=dist/default/production\MPLABX.X.production.cmf -z -Q18F4520 \
  -oC:\DOCUME~1\D300-01\LOCALS~1\Temp\s470.6 \
  -Mdist/default/production/MPLABX.X.production.map -E1 -ver=XC8 \
  -ASTACK=080h-05ffh -pstack=STACK -ACODE=00h-07FFFh -ACONST=00h-07FFFh \
  -ASMALLCONST=0600h-06FFhx122 -AMEDIUMCONST=0600h-07FFFh -ACOMRAM=01h-07Fh \
  -AABS1=00h-05FFh -ABIGRAM=01h-05FFh -ARAM=080h-0FFh,0100h-01FFhx5 \
  -ABANK0=080h-0FFh -ABANK1=0100h-01FFh -ABANK2=0200h-02FFh \
  -ABANK3=0300h-03FFh -ABANK4=0400h-04FFh -ABANK5=0500h-05FFh \
  -ASFR=0F80h-0FFFh \
  -preset_vec=00h,intcode=08h,intcodelo,powerup,init,end_init \
  -pramtop=0600h -psmallconst=SMALLCONST -pmediumconst=MEDIUMCONST \
  -pconst=CONST -AFARRAM=00h-00h -ACONFIG=0300000h-030000Dh -pconfig=CONFIG \
  -AIDLOC=0200000h-0200007h -pidloc=IDLOC -AEEDATA=0F00000h-0F000FFh \
  -peeprom_data=EEDATA \
  -prdata=COMRAM,nvrram=COMRAM,nvbit=COMRAM,rbss=COMRAM,rbit=COMRAM \
  -pfarbss=FARRAM,fardata=FARRAM,nvFARRAM=FARRAM \
  -pintsave_regs=BIGRAM,bigbss=BIGRAM,bigdata=BIGRAM -pbss=RAM \
  -pidata=CODE,irdata=CODE,ibigdata=CODE,ifardata=CODE \
  C:\DOCUME~1\D300-01\LOCALS~1\Temp\s470.obj \
  dist/default/production\MPLABX.X.production.obj 

Object code version is 3.11

Machine type is 18F4520

Call graph: (short form)




                Name                               Link     Load   Length Selector   Space Scale
C:\DOCUME~1\D300-01\LOCALS~1\Temp\s470.obj
                end_init                             18       18        4        4       0
                reset_vec                             0        0        4        0       0
                idloc                            200000   200000        8   200000       0
                config                           300000   300000        E   300000       0
dist/default/production\MPLABX.X.production.obj
                intcode                               8        8       10        4       0
                text9                               1E4      1E4        4        4       0
                text8                               126      126       28        4       0
                intcode_body                         1C       1C       6C        4       0
                text6                                88       88       68        4       0
                text5                               1E0      1E0        4        4       0
                text4                               1D2      1D2        E        4       0
                text3                               14E      14E       20        4       0
                text2                               1A8      1A8       1A        4       0
                text1                               16E      16E       1E        4       0
                text0                               18C      18C       1C        4       0
                cstackCOMRAM                          1        1       28        1       1
                dataCOMRAM                           29       29       10        1       1
                bssCOMRAM                            39       39        B        1       1
                cinit                                F0       F0       36        4       0
                idataCOMRAM                         1C2      1C2       10        4       0

TOTAL           Name                               Link     Load   Length     Space
        CLASS   STACK          

        CLASS   CODE           
                end_init                             18       18        4         0
                intcode                               8        8       10         0
                reset_vec                             0        0        4         0
                text9                               1E4      1E4        4         0
                text8                               126      126       28         0
                intcode_body                         1C       1C       6C         0
                text6                                88       88       68         0
                text5                               1E0      1E0        4         0
                text4                               1D2      1D2        E         0
                text3                               14E      14E       20         0
                text2                               1A8      1A8       1A         0
                text1                               16E      16E       1E         0
                text0                               18C      18C       1C         0
                cinit                                F0       F0       36         0
                idataCOMRAM                         1C2      1C2       10         0

        CLASS   CONST          

        CLASS   SMALLCONST     

        CLASS   MEDIUMCONST    

        CLASS   COMRAM         
                cstackCOMRAM                          1        1       28         1
                dataCOMRAM                           29       29       10         1
                bssCOMRAM                            39       39        B         1

        CLASS   ABS1           

        CLASS   BIGRAM         

        CLASS   RAM            

        CLASS   BANK0          

        CLASS   BANK1          

        CLASS   BANK2          

        CLASS   BANK3          

        CLASS   BANK4          

        CLASS   BANK5          

        CLASS   SFR            

        CLASS   FARRAM         

        CLASS   CONFIG         
                config                           300000   300000        E         0

        CLASS   IDLOC          
                idloc                            200000   200000        8         0

        CLASS   EEDATA         



SEGMENTS        Name                           Load    Length   Top    Selector   Space  Class

                reset_vec                      000000  000004  000004         0       0  CODE    
                cstackCOMRAM                   000001  000043  000044         1       1  COMRAM  
                intcode                        000008  0001E0  0001E8         4       0  CODE    
                idloc                          200000  000008  200008    200000       0  IDLOC   
                config                         300000  00000E  30000E    300000       0  CONFIG  


UNUSED ADDRESS RANGES

        Name                Unused          Largest block    Delta
        BANK0            000080-0000FF               80
        BANK1            000100-0001FF              100
        BANK2            000200-0002FF              100
        BANK3            000300-0003FF              100
        BANK4            000400-0004FF              100
        BANK5            000500-0005FF              100
        BIGRAM           000044-0005FF              5BC
        CODE             000004-000007                4
                         0001E8-007FFF             7E18
        COMRAM           000044-00007F               3C
        CONST            000004-000007                4
                         0001E8-007FFF             7E18
        EEDATA           F00000-F000FF              100
        MEDIUMCONST      000600-007FFF             7A00
        RAM              000080-0005FF              100
        SFR              000F80-000FFF               80
        SMALLCONST       000600-007FFF              100
        STACK            000080-0005FF              580

                                  Symbol Table

OpenTimer0@config               cstackCOMRAM 00000F
OpenUSART@config                cstackCOMRAM 000014
OpenUSART@spbrg                 cstackCOMRAM 00000F
_INTCONbits                     (abs)        000FF2
_OSCCONbits                     (abs)        000FD3
_OpenTimer0                     text3        00014E
_OpenUSART                      text6        000088
_PIE1                           (abs)        000F9D
_PIE1bits                       (abs)        000F9D
_PIR1bits                       (abs)        000F9E
_PORTCbits                      (abs)        000F82
_PORTDbits                      (abs)        000F83
_RCREG                          (abs)        000FAE
_RCSTA                          (abs)        000FAB
_RCSTAbits                      (abs)        000FAB
_SPBRG                          (abs)        000FAF
_SPBRGH                         (abs)        000FB0
_SSPBUF                         (abs)        000FC9
_SSPCON1                        (abs)        000FC6
_SSPCON1bits                    (abs)        000FC6
_SSPSTAT                        (abs)        000FC7
_SSPSTATbits                    (abs)        000FC7
_T0CON                          (abs)        000FD5
_T0CONbits                      (abs)        000FD5
_TMR0H                          (abs)        000FD7
_TMR0L                          (abs)        000FD6
_TRISAbits                      (abs)        000F92
_TRISCbits                      (abs)        000F94
_TRISDbits                      (abs)        000F95
_TXREG                          (abs)        000FAD
_TXSTA                          (abs)        000FAC
_TXSTAbits                      (abs)        000FAC
_USART_Status                   bssCOMRAM    00003D
__CFG_DEBUG$ON                  (abs)        000000
__CFG_LVP$OFF                   (abs)        000000
__CFG_OSC$INTIO67               (abs)        000000
__CFG_PWRT$ON                   (abs)        000000
__CFG_WDT$OFF                   (abs)        000000
__HRAM                          (abs)        000000
__Habs1                         abs1         000000
__Hbank0                        bank0        000000
__Hbank1                        bank1        000000
__Hbank2                        bank2        000000
__Hbank3                        bank3        000000
__Hbank4                        bank4        000000
__Hbank5                        bank5        000000
__Hbigbss                       bigbss       000000
__Hbigdata                      bigdata      000000
__Hbigram                       bigram       000000
__Hbss                          bss          000000
__HbssCOMRAM                    bssCOMRAM    000000
__Hcinit                        cinit        000000
__Hclrtext                      clrtext      000000
__Hcomram                       comram       000000
__Hconfig                       config       30000E
__Hconst                        const        000000
__HcstackCOMRAM                 cstackCOMRAM 000000
__Hdata                         data         000000
__HdataCOMRAM                   dataCOMRAM   000000
__Heeprom_data                  eeprom_data  000000
__Hend_init                     end_init     00001C
__Hfarbss                       farbss       000000
__Hfardata                      fardata      000000
__Hibigdata                     ibigdata     000000
__Hidata                        idata        000000
__HidataCOMRAM                  idataCOMRAM  000000
__Hidloc                        idloc        200008
__Hifardata                     ifardata     000000
__Hinit                         init         000018
__Hintcode                      intcode      000018
__Hintcode_body                 intcode_body 000000
__Hintcodelo                    intcodelo    000018
__Hintentry                     intentry     000000
__Hintret                       intret       000000
__Hintsave_regs                 intsave_regs 000000
__Hirdata                       irdata       000000
__Hmediumconst                  mediumconst  000000
__HnvFARRAM                     nvFARRAM     000000
__Hnvbit                        nvbit        000000
__Hnvrram                       nvrram       000000
__Hparam                        rparam       000000
__Hpowerup                      powerup      000018
__Hram                          ram          000000
__Hramtop                       ramtop       000600
__Hrbit                         rbit         000000
__Hrbss                         rbss         000000
__Hrdata                        rdata        000000
__Hreset_vec                    reset_vec    000004
__Hrparam                       rparam       000000
__Hsfr                          sfr          000000
__Hsmallconst                   smallconst   000000
__Hspace_0                      (abs)        30000E
__Hspace_1                      (abs)        000044
__Hspace_2                      (abs)        000000
__Hstack                        stack        000000
__Hstruct                       struct       000000
__Htemp                         temp         000000
__Htext                         text         000000
__Htext0                        text0        000000
__Htext1                        text1        000000
__Htext2                        text2        000000
__Htext3                        text3        000000
__Htext4                        text4        000000
__Htext5                        text5        000000
__Htext6                        text6        000000
__Htext8                        text8        000000
__Htext9                        text9        000000
__LRAM                          (abs)        000001
__Labs1                         abs1         000000
__Lbank0                        bank0        000000
__Lbank1                        bank1        000000
__Lbank2                        bank2        000000
__Lbank3                        bank3        000000
__Lbank4                        bank4        000000
__Lbank5                        bank5        000000
__Lbigbss                       bigbss       000000
__Lbigdata                      bigdata      000000
__Lbigram                       bigram       000000
__Lbss                          bss          000000
__LbssCOMRAM                    bssCOMRAM    000000
__Lcinit                        cinit        000000
__Lclrtext                      clrtext      000000
__Lcomram                       comram       000000
__Lconfig                       config       300000
__Lconst                        const        000000
__LcstackCOMRAM                 cstackCOMRAM 000000
__Ldata                         data         000000
__LdataCOMRAM                   dataCOMRAM   000000
__Leeprom_data                  eeprom_data  000000
__Lend_init                     end_init     000018
__Lfarbss                       farbss       000000
__Lfardata                      fardata      000000
__Libigdata                     ibigdata     000000
__Lidata                        idata        000000
__LidataCOMRAM                  idataCOMRAM  000000
__Lidloc                        idloc        200000
__Lifardata                     ifardata     000000
__Linit                         init         000018
__Lintcode                      intcode      000008
__Lintcode_body                 intcode_body 000000
__Lintcodelo                    intcodelo    000018
__Lintentry                     intentry     000000
__Lintret                       intret       000000
__Lintsave_regs                 intsave_regs 000000
__Lirdata                       irdata       000000
__Lmediumconst                  mediumconst  000000
__LnvFARRAM                     nvFARRAM     000000
__Lnvbit                        nvbit        000000
__Lnvrram                       nvrram       000000
__Lparam                        rparam       000000
__Lpowerup                      powerup      000018
__Lram                          ram          000000
__Lramtop                       ramtop       000600
__Lrbit                         rbit         000000
__Lrbss                         rbss         000000
__Lrdata                        rdata        000000
__Lreset_vec                    reset_vec    000000
__Lrparam                       rparam       000000
__Lsfr                          sfr          000000
__Lsmallconst                   smallconst   000000
__Lspace_0                      (abs)        000000
__Lspace_1                      (abs)        000000
__Lspace_2                      (abs)        000000
__Lstack                        stack        000000
__Lstruct                       struct       000000
__Ltemp                         temp         000000
__Ltext                         text         000000
__Ltext0                        text0        000000
__Ltext1                        text1        000000
__Ltext2                        text2        000000
__Ltext3                        text3        000000
__Ltext4                        text4        000000
__Ltext5                        text5        000000
__Ltext6                        text6        000000
__Ltext8                        text8        000000
__Ltext9                        text9        000000
__S0                            (abs)        30000E
__S1                            (abs)        000044
__S2                            (abs)        000000
___inthi_sp                     stack        000000
___intlo_sp                     stack        000000
___sp                           stack        000000
__accesstop                     (abs)        000080
__activetblptr                  (abs)        000002
__end_of_OpenTimer0             text3        00016E
__end_of_OpenUSART              text6        0000F0
__end_of__initialization        cinit        00011C
__end_of_clearTimer0Overflowed  text9        0001E8
__end_of_configureLED           text5        0001E4
__end_of_init7Segment           text4        0001E0
__end_of_initClock              text2        0001C2
__end_of_initUsartLoopback      text1        00018C
__end_of_interruptIsr           intcode_body 000088
__end_of_main                   text0        0001A8
__end_of_timer0Isr              text8        00014E
__initialization                cinit        0000F0
__mediumconst                   mediumconst  000000
__pbssCOMRAM                    bssCOMRAM    000039
__pcinit                        cinit        0000F0
__pcstackCOMRAM                 cstackCOMRAM 000001
__pdataCOMRAM                   dataCOMRAM   000029
__pidataCOMRAM                  idataCOMRAM  0001C2
__pintcode                      intcode      000008
__pintcode_body                 intcode_body 00001C
__ptext0                        text0        00018C
__ptext1                        text1        00016E
__ptext2                        text2        0001A8
__ptext3                        text3        00014E
__ptext4                        text4        0001D2
__ptext5                        text5        0001E0
__ptext6                        text6        000088
__ptext8                        text8        000126
__ptext9                        text9        0001E4
__ramtop                        ramtop       000600
__size_of_OpenTimer0            (abs)        000000
__size_of_OpenUSART             (abs)        000000
__size_of_clearTimer0Overflowed (abs)        000000
__size_of_configureLED          (abs)        000000
__size_of_init7Segment          (abs)        000000
__size_of_initClock             (abs)        000000
__size_of_initUsartLoopback     (abs)        000000
__size_of_interruptIsr          (abs)        000000
__size_of_main                  (abs)        000000
__size_of_timer0Isr             (abs)        000000
__smallconst                    smallconst   000000
_bankSelectReg                  bssCOMRAM    00003E
_clearTimer0Overflowed          text9        0001E4
_clock                          bssCOMRAM    000039
_configureLED                   text5        0001E0
_init7Segment                   text4        0001D2
_initClock                      text2        0001A8
_initUsartLoopback              text1        00016E
_interruptIsr                   intcode      000008
_main                           text0        00018C
_sevenSegPattern                dataCOMRAM   000029
_statusReg                      bssCOMRAM    00003F
_timer0Isr                      text8        000126
_tosHi                          bssCOMRAM    000040
_tosLo                          bssCOMRAM    000041
_tosUp                          bssCOMRAM    000042
_workingReg                     bssCOMRAM    000043
end_of_initialization           cinit        00011C
init7Segment@data               cstackCOMRAM 00000F
initUsartLoopback@loopbackData  cstackCOMRAM 00000F
int_func                        intcode_body 00001C
intlevel0                       text         000000
intlevel1                       text         000000
intlevel2                       text         000000
intlevel3                       text         000000
main@led2Data                   cstackCOMRAM 00001A
main@loopbackData               cstackCOMRAM 000027
main@sevenSegData               cstackCOMRAM 000021
stackhi                         (abs)        0005FF
stacklo                         (abs)        000080
start                           init         000018
start_initialization            cinit        0000F0


FUNCTION INFORMATION:

 *************** function _main *****************
 Defined at:
		line 40 in file "../src/PIC18/Main.c"
 Parameters:    Size  Location     Type
  argc            2   20[COMRAM] int 
  argv            3   22[COMRAM] PTR PTR unsigned char 
 Auto vars:     Size  Location     Type
  led2Data        7   25[COMRAM] struct Led2Data
  sevenSegData    6   32[COMRAM] struct SevenSegmentData
  loopbackData    2   38[COMRAM] struct LoopbackData
 Return value:  Size  Location     Type
                  2   20[COMRAM] int 
 Registers used:
		wreg, fsr2l, fsr2h, status,2, status,0, cstack
 Tracked objects:
		On entry : 
		On exit  : 
		Unchanged: 
 Data sizes:     COMRAM   BANK0   BANK1   BANK2   BANK3   BANK4   BANK5
      Params:         5       0       0       0       0       0       0
      Locals:        15       0       0       0       0       0       0
      Temps:          0       0       0       0       0       0       0
      Totals:        20       0       0       0       0       0       0
Total ram usage:       20 bytes
 Hardware stack levels required when called:    5
 This function calls:
		_OpenUSART
		_configureLED
		_init7Segment
		_initClock
		_initUsartLoopback
 This function is called by:
		Startup code after reset
 This function uses a non-reentrant model


 *************** function _initUsartLoopback *****************
 Defined at:
		line 7 in file "../src/PIC18/UsartLoopback.c"
 Parameters:    Size  Location     Type
  loopbackData    2   14[COMRAM] PTR struct LoopbackData
		 -> main@loopbackData(2), 
 Auto vars:     Size  Location     Type
		None
 Return value:  Size  Location     Type
		None               void
 Registers used:
		wreg, fsr2l, fsr2h, status,2, status,0
 Tracked objects:
		On entry : 
		On exit  : 
		Unchanged: 
 Data sizes:     COMRAM   BANK0   BANK1   BANK2   BANK3   BANK4   BANK5
      Params:         2       0       0       0       0       0       0
      Locals:         0       0       0       0       0       0       0
      Temps:          0       0       0       0       0       0       0
      Totals:         2       0       0       0       0       0       0
Total ram usage:        2 bytes
 Hardware stack levels used:    1
 Hardware stack levels required when called:    3
 This function calls:
		Nothing
 This function is called by:
		_main
 This function uses a non-reentrant model


 *************** function _initClock *****************
 Defined at:
		line 32 in file "../src/PIC18/Clock.c"
 Parameters:    Size  Location     Type
		None
 Auto vars:     Size  Location     Type
		None
 Return value:  Size  Location     Type
		None               void
 Registers used:
		wreg, status,2, status,0, cstack
 Tracked objects:
		On entry : 
		On exit  : 
		Unchanged: 
 Data sizes:     COMRAM   BANK0   BANK1   BANK2   BANK3   BANK4   BANK5
      Params:         0       0       0       0       0       0       0
      Locals:         0       0       0       0       0       0       0
      Temps:          0       0       0       0       0       0       0
      Totals:         0       0       0       0       0       0       0
Total ram usage:        0 bytes
 Hardware stack levels used:    1
 Hardware stack levels required when called:    4
 This function calls:
		_OpenTimer0
 This function is called by:
		_main
 This function uses a non-reentrant model


 *************** function _OpenTimer0 *****************
 Defined at:
		line 18 in file "C:\Program Files\Microchip\xc8\v1.33\sources\pic18\plib\Timers\t0open.c"
 Parameters:    Size  Location     Type
  config          1    wreg     unsigned char 
 Auto vars:     Size  Location     Type
  config          1   14[COMRAM] unsigned char 
 Return value:  Size  Location     Type
		None               void
 Registers used:
		wreg, status,2, status,0
 Tracked objects:
		On entry : 
		On exit  : 
		Unchanged: 
 Data sizes:     COMRAM   BANK0   BANK1   BANK2   BANK3   BANK4   BANK5
      Params:         0       0       0       0       0       0       0
      Locals:         1       0       0       0       0       0       0
      Temps:          0       0       0       0       0       0       0
      Totals:         1       0       0       0       0       0       0
Total ram usage:        1 bytes
 Hardware stack levels used:    1
 Hardware stack levels required when called:    3
 This function calls:
		Nothing
 This function is called by:
		_initClock
 This function uses a non-reentrant model


 *************** function _init7Segment *****************
 Defined at:
		line 31 in file "../src/PIC18/SevenSeg.c"
 Parameters:    Size  Location     Type
  data            2   14[COMRAM] PTR struct SevenSegmentD
		 -> main@sevenSegData(6), 
 Auto vars:     Size  Location     Type
		None
 Return value:  Size  Location     Type
		None               void
 Registers used:
		wreg, fsr2l, fsr2h
 Tracked objects:
		On entry : 
		On exit  : 
		Unchanged: 
 Data sizes:     COMRAM   BANK0   BANK1   BANK2   BANK3   BANK4   BANK5
      Params:         2       0       0       0       0       0       0
      Locals:         0       0       0       0       0       0       0
      Temps:          0       0       0       0       0       0       0
      Totals:         2       0       0       0       0       0       0
Total ram usage:        2 bytes
 Hardware stack levels used:    1
 Hardware stack levels required when called:    3
 This function calls:
		Nothing
 This function is called by:
		_main
 This function uses a non-reentrant model


 *************** function _configureLED *****************
 Defined at:
		line 22 in file "../src/PIC18/Blinky.c"
 Parameters:    Size  Location     Type
		None
 Auto vars:     Size  Location     Type
		None
 Return value:  Size  Location     Type
		None               void
 Registers used:
		None
 Tracked objects:
		On entry : 
		On exit  : 
		Unchanged: 
 Data sizes:     COMRAM   BANK0   BANK1   BANK2   BANK3   BANK4   BANK5
      Params:         0       0       0       0       0       0       0
      Locals:         0       0       0       0       0       0       0
      Temps:          0       0       0       0       0       0       0
      Totals:         0       0       0       0       0       0       0
Total ram usage:        0 bytes
 Hardware stack levels used:    1
 Hardware stack levels required when called:    3
 This function calls:
		Nothing
 This function is called by:
		_main
		_ledSM
 This function uses a non-reentrant model


 *************** function _OpenUSART *****************
 Defined at:
		line 73 in file "C:\Program Files\Microchip\xc8\v1.33\sources\pic18\plib\USART\uopen.c"
 Parameters:    Size  Location     Type
  config          1    wreg     unsigned char 
  spbrg           2   14[COMRAM] unsigned int 
 Auto vars:     Size  Location     Type
  config          1   19[COMRAM] unsigned char 
 Return value:  Size  Location     Type
		None               void
 Registers used:
		wreg, status,2
 Tracked objects:
		On entry : 
		On exit  : 
		Unchanged: 
 Data sizes:     COMRAM   BANK0   BANK1   BANK2   BANK3   BANK4   BANK5
      Params:         2       0       0       0       0       0       0
      Locals:         1       0       0       0       0       0       0
      Temps:          3       0       0       0       0       0       0
      Totals:         6       0       0       0       0       0       0
Total ram usage:        6 bytes
 Hardware stack levels used:    1
 Hardware stack levels required when called:    3
 This function calls:
		Nothing
 This function is called by:
		_main
 This function uses a non-reentrant model


 *************** function _interruptIsr *****************
 Defined at:
		line 4 in file "../src/PIC18/Interrupt.c"
 Parameters:    Size  Location     Type
		None
 Auto vars:     Size  Location     Type
		None
 Return value:  Size  Location     Type
		None               void
 Registers used:
		wreg, status,2, status,0, cstack
 Tracked objects:
		On entry : 
		On exit  : 
		Unchanged: 
 Data sizes:     COMRAM   BANK0   BANK1   BANK2   BANK3   BANK4   BANK5
      Params:         0       0       0       0       0       0       0
      Locals:         0       0       0       0       0       0       0
      Temps:         14       0       0       0       0       0       0
      Totals:        14       0       0       0       0       0       0
Total ram usage:       14 bytes
 Hardware stack levels used:    1
 Hardware stack levels required when called:    2
 This function calls:
		_timer0Isr
 This function is called by:
		Interrupt level 2
 This function uses a non-reentrant model


 *************** function _timer0Isr *****************
 Defined at:
		line 8 in file "../src/PIC18/Clock.c"
 Parameters:    Size  Location     Type
		None
 Auto vars:     Size  Location     Type
		None
 Return value:  Size  Location     Type
		None               void
 Registers used:
		wreg, status,2, status,0, cstack
 Tracked objects:
		On entry : 
		On exit  : 
		Unchanged: 
 Data sizes:     COMRAM   BANK0   BANK1   BANK2   BANK3   BANK4   BANK5
      Params:         0       0       0       0       0       0       0
      Locals:         0       0       0       0       0       0       0
      Temps:          0       0       0       0       0       0       0
      Totals:         0       0       0       0       0       0       0
Total ram usage:        0 bytes
 Hardware stack levels used:    1
 Hardware stack levels required when called:    1
 This function calls:
		_clearTimer0Overflowed
 This function is called by:
		_interruptIsr
 This function uses a non-reentrant model


 *************** function _clearTimer0Overflowed *****************
 Defined at:
		line 62 in file "../src/PIC18/Clock.c"
 Parameters:    Size  Location     Type
		None
 Auto vars:     Size  Location     Type
		None
 Return value:  Size  Location     Type
		None               void
 Registers used:
		None
 Tracked objects:
		On entry : 
		On exit  : 
		Unchanged: 
 Data sizes:     COMRAM   BANK0   BANK1   BANK2   BANK3   BANK4   BANK5
      Params:         0       0       0       0       0       0       0
      Locals:         0       0       0       0       0       0       0
      Temps:          0       0       0       0       0       0       0
      Totals:         0       0       0       0       0       0       0
Total ram usage:        0 bytes
 Hardware stack levels used:    1
 This function calls:
		Nothing
 This function is called by:
		_timer0Isr
 This function uses a non-reentrant model



MODULE INFORMATION

Module		Function		Class		Link	Load	Size
../src/PIC18/Blinky.c
		_configureLED  		CODE           	01E0	0000	4

../src/PIC18/Blinky.c estimated size: 4

../src/PIC18/Main.c
		_main          		CODE           	018C	0000	28

../src/PIC18/Main.c estimated size: 28

../src/PIC18/UsartLoopback.c
		_initUsartLoopb		CODE           	016E	0000	30

../src/PIC18/UsartLoopback.c estimated size: 30

../src/PIC18/SevenSeg.c
		_init7Segment  		CODE           	01D2	0000	14

../src/PIC18/SevenSeg.c estimated size: 14

C:\Program Files\Microchip\xc8\v1.33\sources\pic18\plib\USART\uopen.c
		_OpenUSART     		CODE           	0088	0000	104

C:\Program Files\Microchip\xc8\v1.33\sources\pic18\plib\USART\uopen.c estimated size: 104

shared
		__initializatio		CODE           	00F0	0000	44

shared estimated size: 44

C:\Program Files\Microchip\xc8\v1.33\sources\pic18\plib\Timers\t0open.c
		_OpenTimer0    		CODE           	014E	0000	32

C:\Program Files\Microchip\xc8\v1.33\sources\pic18\plib\Timers\t0open.c estimated size: 32

../src/PIC18/Clock.c
		_initClock     		CODE           	01A8	0000	26
		_timer0Isr     		CODE           	0126	0000	40
		_clearTimer0Ove		CODE           	01E4	0000	4

../src/PIC18/Clock.c estimated size: 70

../src/PIC18/Interrupt.c
		_interruptIsr  		CODE           	0008	0000	128

../src/PIC18/Interrupt.c estimated size: 128

